R1 (k1): A=2.490e+21  Ea=48749 cal/mol
R2 (k2) rxn 25: A=7.590e+10  b=+0.00  Ea=7270 cal/mol
R2 (k2) rxn 26: A=1.700e+09  b=+0.00  Ea=318 cal/mol
R5 (k5): A=3.340e+01  b=+2.42  Ea=-1930 cal/mol
R4 (k4): A=2.890e+10  b=+0.00  Ea=-497 cal/mol

Running nominal profiles (1 ms, const-P) ...
  OH_peak = 60.1 ppm  at t = 0.0105 ms
  H2O initial = 1360.0 ppm   H2O plateau = 3561.3 ppm
  OH time window: 1.0 µs to 1.0000 ms
  H2O time window: 1.0 µs to 1.0000 ms

Computing sensitivities (OH on fine grid, H2O on coarse grid) ...

OH target probes (window 1.0 µs .. 1.0000 ms, TRUE joint D-optimal, k1/k2/k5/k4):
  1. OH D-opt @ 0.0180 ms            OH ~ 55.72 ppm
  2. OH D-opt @ 0.0263 ms            OH ~ 51.19 ppm
  3. OH D-opt @ 0.4252 ms            OH ~ 37.47 ppm
  4. OH D-opt @ 0.6532 ms            OH ~ 30.03 ppm

H2O target probes (window 1.0 µs .. 1.0000 ms, TRUE joint D-optimal, k1/k2/k5/k4):
  1. H2O D-opt @ 0.0051 ms           H2O ~ 1396.05 ppm
  2. H2O D-opt @ 0.0928 ms           H2O ~ 2463.61 ppm
  3. H2O D-opt @ 0.3709 ms           H2O ~ 3447.26 ppm

Starting fresh: 40000 simulations
  2000/40000  188.6 sim/s  failed=0
  4000/40000  188.0 sim/s  failed=0
  6000/40000  187.3 sim/s  failed=0
  8000/40000  186.3 sim/s  failed=0
  10000/40000  185.1 sim/s  failed=0
  12000/40000  184.0 sim/s  failed=0
  14000/40000  183.1 sim/s  failed=0
  16000/40000  182.0 sim/s  failed=0
  18000/40000  181.1 sim/s  failed=0
  20000/40000  180.1 sim/s  failed=0
  22000/40000  179.2 sim/s  failed=0
  24000/40000  178.5 sim/s  failed=0
  26000/40000  177.8 sim/s  failed=0
  28000/40000  177.2 sim/s  failed=0
  30000/40000  176.5 sim/s  failed=0
  32000/40000  175.8 sim/s  failed=0
  34000/40000  175.2 sim/s  failed=0
  36000/40000  174.7 sim/s  failed=0
  38000/40000  174.2 sim/s  failed=0
  40000/40000  173.7 sim/s  failed=0

Shapes: X=(40000, 8)  Y=(40000, 7)  (failed=0)
  OH outputs:  columns 0..3
  H2O outputs: columns 4..6
Split: train=32000  val=4000  test=4000

Training (1192 K joint OH+H2O+k5+k4, 4-pt OH / 3-pt H2O, OH: 1us-1.0000ms [fixed] / H2O: 1us-1.0000ms [fixed, TRUE JOINT D-OPT]) ...
  ep     1 | train 8.8701e+03 | val 4.3056e+01 | gap 0.005 | wd 5.0e-07 | lr 3.0e-02
  ep   500 | train 1.0519e-01 | val 8.5754e-02 | gap 0.815 | wd 1.0e-08 | lr 3.0e-02
  ep  1000 | train 5.4945e-02 | val 5.3361e-02 | gap 0.971 | wd 1.0e-08 | lr 1.5e-02
  ep  1500 | train 4.1271e-02 | val 4.1430e-02 | gap 1.004 | wd 1.0e-08 | lr 3.7e-03
  ep  2000 | train 4.0438e-02 | val 4.2400e-02 | gap 1.049 | wd 1.0e-08 | lr 3.7e-03
  ep  2500 | train 3.8669e-02 | val 3.8492e-02 | gap 0.995 | wd 1.0e-08 | lr 9.4e-04
  ep  3000 | train 3.8390e-02 | val 3.8003e-02 | gap 0.990 | wd 1.0e-08 | lr 2.3e-04
  ep  3500 | train 3.8365e-02 | val 3.8008e-02 | gap 0.991 | wd 1.0e-08 | lr 2.3e-04
  ep  4000 | train 3.8332e-02 | val 3.7958e-02 | gap 0.990 | wd 1.0e-08 | lr 1.2e-04
  ep  4500 | train 3.8277e-02 | val 3.7899e-02 | gap 0.990 | wd 1.0e-08 | lr 2.9e-05
  ep  5000 | train 3.8256e-02 | val 3.7886e-02 | gap 0.990 | wd 1.0e-08 | lr 7.3e-06
Done in 26.2 min.  Best val: 3.7883e-02

========================================================================
  1192 K Joint (OH + H2O), 4 active params (k1,k2,k5,k4, TRUE JOINT D-OPT)  |  Zhang Table 1
========================================================================

OH accuracy:
  Set 1  sigma=0.1  N=661    mean=  1.03% (<= 1%)  p95=  3.31% (<= 2%)  FAIL
  Set 2  sigma=0.3  N=659    mean=  2.26% (<= 2%)  p95=  7.33% (<= 5%)  FAIL
  Set 3  sigma=0.5  N=2680   mean=  3.88% (<= 3%)  p95= 13.69% (<= 10%)  FAIL

H2O accuracy:
  Set 1  sigma=0.1  N=661    mean=  0.26% (<= 1%)  p95=  0.87% (<= 2%)  PASS
  Set 2  sigma=0.3  N=659    mean=  0.44% (<= 2%)  p95=  1.30% (<= 5%)  PASS
  Set 3  sigma=0.5  N=2680   mean=  0.76% (<= 3%)  p95=  2.49% (<= 10%)  PASS
========================================================================
does NOT meet all Zhang Table 1 requirements.

Saved: result_1192k_train_final.pt
