R1 (k1): A=2.490e+21  Ea=48749 cal/mol
R2 (k2): A=7.590e+10  b=+0.00  Ea=7270 cal/mol
R5 (k5): A=3.340e+01  b=+2.42  Ea=-1930 cal/mol
R4 (k4): A=2.890e+10  b=+0.00  Ea=-497 cal/mol

Running nominal profiles (1 ms, const-P) ...
  OH_peak = 60.1 ppm  at t = 0.0105 ms
  H2O initial = 1360.0 ppm   H2O plateau = 3561.3 ppm
  OH time window: 1.0 µs to 1.0000 ms
  H2O time window: 1.0 µs to 1.0000 ms

Computing sensitivities (OH on fine grid, H2O on coarse grid) ...

OH target probes (window 1.0 µs .. 1.0000 ms, TRUE joint D-optimal, k1/k2/k5/k4):
  1. OH D-opt @ 0.0256 ms            OH ~ 51.46 ppm
  2. OH D-opt @ 0.0657 ms            OH ~ 46.71 ppm
  3. OH D-opt @ 0.4276 ms            OH ~ 37.40 ppm
  4. OH D-opt @ 0.6469 ms            OH ~ 30.24 ppm

H2O target probes (window 1.0 µs .. 1.0000 ms, TRUE joint D-optimal, k1/k2/k5/k4):
  1. H2O D-opt @ 0.0054 ms           H2O ~ 1399.74 ppm
  2. H2O D-opt @ 0.0928 ms           H2O ~ 2463.61 ppm
  3. H2O D-opt @ 0.3823 ms           H2O ~ 3457.29 ppm

Starting fresh: 40000 simulations
  2000/40000  186.8 sim/s  failed=0
  4000/40000  186.0 sim/s  failed=0
  6000/40000  186.1 sim/s  failed=0
  8000/40000  185.7 sim/s  failed=0
  10000/40000  185.3 sim/s  failed=0
  12000/40000  184.2 sim/s  failed=0
  14000/40000  183.4 sim/s  failed=0
  16000/40000  182.6 sim/s  failed=0
  18000/40000  181.9 sim/s  failed=0
  20000/40000  181.2 sim/s  failed=0
  22000/40000  180.3 sim/s  failed=0
  24000/40000  179.5 sim/s  failed=0
  26000/40000  178.8 sim/s  failed=0
  28000/40000  178.2 sim/s  failed=0
  30000/40000  177.5 sim/s  failed=0
  32000/40000  176.9 sim/s  failed=0
  34000/40000  176.3 sim/s  failed=0
  36000/40000  175.7 sim/s  failed=0
  38000/40000  175.2 sim/s  failed=0
  40000/40000  174.6 sim/s  failed=0

Shapes: X=(40000, 8)  Y=(40000, 7)  (failed=0)
  OH outputs:  columns 0..3
  H2O outputs: columns 4..6
Split: train=32000  val=4000  test=4000

Training (1192 K joint OH+H2O+k5+k4, 4-pt OH / 3-pt H2O, OH: 1us-1.0000ms [fixed] / H2O: 1us-1.0000ms [fixed, TRUE JOINT D-OPT]) ...
  ep     1 | train 7.1273e+03 | val 2.6707e+01 | gap 0.004 | wd 5.0e-07 | lr 3.0e-02
  ep   500 | train 9.2383e-02 | val 8.3600e-02 | gap 0.905 | wd 1.0e-08 | lr 3.0e-02
  ep  1000 | train 8.9250e-02 | val 7.9317e-02 | gap 0.889 | wd 4.0e-08 | lr 3.0e-02
  ep  1500 | train 4.5841e-02 | val 4.3839e-02 | gap 0.956 | wd 1.0e-08 | lr 1.5e-02
  ep  2000 | train 3.3011e-02 | val 3.2731e-02 | gap 0.992 | wd 1.0e-08 | lr 7.5e-03
  ep  2500 | train 3.0456e-02 | val 3.0286e-02 | gap 0.994 | wd 1.0e-08 | lr 1.9e-03
  ep  3000 | train 3.0270e-02 | val 3.0285e-02 | gap 1.000 | wd 1.0e-08 | lr 9.4e-04
  ep  3500 | train 3.0114e-02 | val 2.9977e-02 | gap 0.995 | wd 1.0e-08 | lr 4.7e-04
  ep  4000 | train 3.0042e-02 | val 3.0014e-02 | gap 0.999 | wd 1.0e-08 | lr 2.3e-04
  ep  4500 | train 2.9990e-02 | val 2.9953e-02 | gap 0.999 | wd 1.0e-08 | lr 1.2e-04
  ep  5000 | train 2.9973e-02 | val 2.9929e-02 | gap 0.999 | wd 1.0e-08 | lr 2.9e-05
Done in 33.8 min.  Best val: 2.9920e-02

========================================================================
  1192 K Joint (OH + H2O), 4 active params (k1,k2,k5,k4, TRUE JOINT D-OPT)  |  Zhang Table 1
========================================================================

OH accuracy:
  Set 1  sigma=0.1  N=984    mean=  0.84% (<= 1%)  p95=  2.66% (<= 2%)  FAIL
  Set 2  sigma=0.3  N=1004   mean=  2.14% (<= 2%)  p95=  6.55% (<= 5%)  FAIL
  Set 3  sigma=0.5  N=2012   mean=  3.52% (<= 3%)  p95= 11.57% (<= 10%)  FAIL

H2O accuracy:
  Set 1  sigma=0.1  N=984    mean=  0.14% (<= 1%)  p95=  0.45% (<= 2%)  PASS
  Set 2  sigma=0.3  N=1004   mean=  0.33% (<= 2%)  p95=  1.02% (<= 5%)  PASS
  Set 3  sigma=0.5  N=2012   mean=  0.57% (<= 3%)  p95=  1.83% (<= 10%)  PASS
========================================================================
does NOT meet all Zhang Table 1 requirements.

Saved: result_1192k_train_final2.pt
