R1 (k1): A=2.490e+21  Ea=48749 cal/mol
R2 (k2) rxn 25: A=7.590e+10  b=+0.00  Ea=7270 cal/mol
R2 (k2) rxn 26: A=1.700e+09  b=+0.00  Ea=318 cal/mol
R5 (k5): A=3.340e+01  b=+2.42  Ea=-1930 cal/mol
R4 (k4): A=2.890e+10  b=+0.00  Ea=-497 cal/mol

Running nominal profiles (1 ms, const-P) ...
  OH_peak = 443.4 ppm  at t = 0.0052 ms
  H2O initial = 1234.3 ppm   H2O plateau = 3677.9 ppm
  OH time window: 1.0 µs to 0.1000 ms
  H2O time window: 1.0 µs to 0.1000 ms

Computing sensitivities (OH on fine grid, H2O on coarse grid) ...

OH target probes (window 1.0 µs .. 0.1000 ms, TRUE joint D-optimal, k1/k2/k5/k4):
  1. OH D-opt @ 0.0071 ms            OH ~ 434.42 ppm
  2. OH D-opt @ 0.0126 ms            OH ~ 395.33 ppm
  3. OH D-opt @ 0.0800 ms            OH ~ 148.83 ppm
  4. OH D-opt @ 0.1000 ms            OH ~ 122.68 ppm

H2O target probes (window 1.0 µs .. 0.1000 ms, TRUE joint D-optimal, k1/k2/k5/k4):
  1. H2O D-opt @ 0.0079 ms           H2O ~ 2191.26 ppm
  2. H2O D-opt @ 0.0129 ms           H2O ~ 2710.97 ppm
  3. H2O D-opt @ 0.0526 ms           H2O ~ 3609.84 ppm

Starting fresh: 40000 simulations
  2000/40000  183.1 sim/s  failed=0
  4000/40000  182.5 sim/s  failed=0
  6000/40000  182.0 sim/s  failed=0
  8000/40000  181.4 sim/s  failed=0
  10000/40000  177.1 sim/s  failed=0
  12000/40000  166.8 sim/s  failed=0
  14000/40000  159.9 sim/s  failed=0
  16000/40000  155.0 sim/s  failed=0
  18000/40000  151.2 sim/s  failed=0
  20000/40000  148.2 sim/s  failed=0
  22000/40000  145.8 sim/s  failed=0
  24000/40000  143.7 sim/s  failed=0
  26000/40000  141.9 sim/s  failed=0
  28000/40000  140.4 sim/s  failed=0
  30000/40000  139.1 sim/s  failed=0
  32000/40000  137.9 sim/s  failed=0
  34000/40000  136.8 sim/s  failed=0
  36000/40000  135.8 sim/s  failed=0
  38000/40000  134.8 sim/s  failed=0
  40000/40000  134.8 sim/s  failed=0

Shapes: X=(40000, 8)  Y=(40000, 7)  (failed=0)
  OH outputs:  columns 0..3
  H2O outputs: columns 4..6
Split: train=32000  val=4000  test=4000

Training (1398 K joint OH+H2O+k5+k4, 4-pt OH / 3-pt H2O, OH: 1us-0.1000ms [fixed] / H2O: 1us-0.1000ms [fixed, TRUE JOINT D-OPT]) ...
  ep     1 | train 1.0803e+03 | val 2.8881e+00 | gap 0.003 | wd 5.0e-07 | lr 3.0e-02
  ep   500 | train 1.1816e-01 | val 1.1050e-01 | gap 0.935 | wd 1.0e-08 | lr 3.0e-02
  ep  1000 | train 7.9416e-02 | val 8.3962e-02 | gap 1.057 | wd 1.0e-08 | lr 3.0e-02
  ep  1500 | train 4.2964e-02 | val 4.3413e-02 | gap 1.010 | wd 1.0e-08 | lr 7.5e-03
  ep  2000 | train 4.1452e-02 | val 4.0753e-02 | gap 0.983 | wd 1.0e-08 | lr 7.5e-03
  ep  2500 | train 3.9120e-02 | val 3.8835e-02 | gap 0.993 | wd 1.0e-08 | lr 1.9e-03
  ep  3000 | train 3.8846e-02 | val 3.9167e-02 | gap 1.008 | wd 1.0e-08 | lr 9.4e-04
  ep  3500 | train 3.8624e-02 | val 3.8780e-02 | gap 1.004 | wd 1.0e-08 | lr 4.7e-04
  ep  4000 | train 3.8496e-02 | val 3.8648e-02 | gap 1.004 | wd 1.0e-08 | lr 1.2e-04
  ep  4500 | train 3.8445e-02 | val 3.8590e-02 | gap 1.004 | wd 1.0e-08 | lr 5.9e-05
  ep  5000 | train 3.8425e-02 | val 3.8582e-02 | gap 1.004 | wd 1.0e-08 | lr 1.5e-05
Done in 25.4 min.  Best val: 3.8575e-02

========================================================================
  1398 K Joint (OH + H2O), 4 active params (k1,k2,k5,k4, TRUE JOINT D-OPT)  |  Zhang Table 1
========================================================================

OH accuracy:
  Set 1  sigma=0.1  N=984    mean=  0.94% (<= 1%)  p95=  2.46% (<= 2%)  FAIL
  Set 2  sigma=0.3  N=1004   mean=  2.36% (<= 2%)  p95=  6.96% (<= 5%)  FAIL
  Set 3  sigma=0.5  N=2012   mean=  4.19% (<= 3%)  p95= 13.62% (<= 10%)  FAIL

H2O accuracy:
  Set 1  sigma=0.1  N=984    mean=  0.25% (<= 1%)  p95=  0.71% (<= 2%)  PASS
  Set 2  sigma=0.3  N=1004   mean=  0.63% (<= 2%)  p95=  1.84% (<= 5%)  PASS
  Set 3  sigma=0.5  N=2012   mean=  1.05% (<= 3%)  p95=  3.35% (<= 10%)  PASS
========================================================================
does NOT meet all Zhang Table 1 requirements.

Saved: result_1398k_train_final4.pt
