R1 (k1): A=2.490e+21  Ea=48749 cal/mol
R2 (k5): A=7.590e+10  b=+0.00  Ea=7270 cal/mol
R5 (k5): A=3.340e+01  b=+2.42  Ea=-1930 cal/mol
R4 (k4): A=2.890e+10  b=+0.00  Ea=-497 cal/mol

Running nominal profiles (1 ms, const-P) ...
  OH_peak = 508.3 ppm  at t = 0.0061 ms
  H2O initial = 1234.3 ppm   H2O plateau = 3659.5 ppm
  OH time window: 1.0 µs to 0.1000 ms
  H2O time window: 1.0 µs to 0.1000 ms

Computing sensitivities (OH on fine grid, H2O on coarse grid) ...

OH target probes (window 1.0 µs .. 0.1000 ms, TRUE joint D-optimal, k1/k2/k5/k4):
  1. OH D-opt @ 0.0067 ms            OH ~ 507.28 ppm
  2. OH D-opt @ 0.0121 ms            OH ~ 473.75 ppm
  3. OH D-opt @ 0.0489 ms            OH ~ 260.04 ppm
  4. OH D-opt @ 0.0983 ms            OH ~ 131.67 ppm

H2O target probes (window 1.0 µs .. 0.1000 ms, TRUE joint D-optimal, k1/k2/k5/k4):
  1. H2O D-opt @ 0.0011 ms           H2O ~ 1265.79 ppm
  2. H2O D-opt @ 0.0081 ms           H2O ~ 2151.36 ppm
  3. H2O D-opt @ 0.0682 ms           H2O ~ 3615.85 ppm

Starting fresh: 40000 simulations
  2000/40000  183.5 sim/s  failed=0
  4000/40000  182.7 sim/s  failed=0
  6000/40000  182.3 sim/s  failed=0
  8000/40000  181.9 sim/s  failed=0
  10000/40000  181.4 sim/s  failed=0
  12000/40000  181.0 sim/s  failed=0
  14000/40000  180.5 sim/s  failed=0
  16000/40000  180.1 sim/s  failed=0
  18000/40000  179.7 sim/s  failed=0
  20000/40000  179.3 sim/s  failed=0
  22000/40000  178.8 sim/s  failed=0
  24000/40000  178.2 sim/s  failed=0
  26000/40000  177.7 sim/s  failed=0
  28000/40000  177.3 sim/s  failed=0
  30000/40000  176.9 sim/s  failed=0
  32000/40000  176.5 sim/s  failed=0
  34000/40000  176.0 sim/s  failed=0
  36000/40000  175.6 sim/s  failed=0
  38000/40000  175.2 sim/s  failed=0
  40000/40000  172.7 sim/s  failed=0

Shapes: X=(40000, 8)  Y=(40000, 7)  (failed=0)
  OH outputs:  columns 0..3
  H2O outputs: columns 4..6
Split: train=32000  val=4000  test=4000

Training (1398 K joint OH+H2O+k5+k4, 4-pt OH / 3-pt H2O, OH: 1us-0.1000ms [fixed] / H2O: 1us-0.1000ms [fixed, TRUE JOINT D-OPT]) ...
  ep     1 | train 9.5801e+02 | val 2.6220e+00 | gap 0.003 | wd 5.0e-07 | lr 3.0e-02
  ep   500 | train 7.4826e-02 | val 6.7893e-02 | gap 0.907 | wd 1.0e-08 | lr 3.0e-02
  ep  1000 | train 4.9045e-02 | val 5.0038e-02 | gap 1.020 | wd 1.0e-08 | lr 1.5e-02
  ep  1500 | train 4.3095e-02 | val 4.4255e-02 | gap 1.027 | wd 1.0e-08 | lr 7.5e-03
  ep  2000 | train 4.1435e-02 | val 4.1473e-02 | gap 1.001 | wd 1.0e-08 | lr 1.9e-03
  ep  2500 | train 4.0486e-02 | val 4.0515e-02 | gap 1.001 | wd 1.0e-08 | lr 9.4e-04
  ep  3000 | train 4.0321e-02 | val 4.0418e-02 | gap 1.002 | wd 1.0e-08 | lr 4.7e-04
  ep  3500 | train 4.0260e-02 | val 4.0315e-02 | gap 1.001 | wd 1.0e-08 | lr 2.3e-04
  ep  4000 | train 4.0172e-02 | val 4.0243e-02 | gap 1.002 | wd 1.0e-08 | lr 5.9e-05
  ep  4500 | train 4.0135e-02 | val 4.0225e-02 | gap 1.002 | wd 1.0e-08 | lr 7.3e-06
  ep  5000 | train 4.0132e-02 | val 4.0221e-02 | gap 1.002 | wd 1.0e-08 | lr 1.8e-06
Done in 26.4 min.  Best val: 4.0218e-02

========================================================================
  1398 K Joint (OH + H2O), 4 active params (k1,k2,k5,k4, TRUE JOINT D-OPT)  |  Zhang Table 1
========================================================================

OH accuracy:
  Set 1  sigma=0.1  N=661    mean=  1.19% (<= 1%)  p95=  3.12% (<= 2%)  FAIL
  Set 2  sigma=0.3  N=659    mean=  2.34% (<= 2%)  p95=  6.52% (<= 5%)  FAIL
  Set 3  sigma=0.5  N=2680   mean=  3.88% (<= 3%)  p95= 12.36% (<= 10%)  FAIL

H2O accuracy:
  Set 1  sigma=0.1  N=661    mean=  0.27% (<= 1%)  p95=  0.87% (<= 2%)  PASS
  Set 2  sigma=0.3  N=659    mean=  0.56% (<= 2%)  p95=  1.66% (<= 5%)  PASS
  Set 3  sigma=0.5  N=2680   mean=  0.94% (<= 3%)  p95=  3.11% (<= 10%)  PASS
========================================================================
does NOT meet all Zhang Table 1 requirements.

Saved: result_1398k_train_final_pre.pt
