R1 (k1): A=2.490e+21  Ea=48749 cal/mol
R2 (k2) rxn 25: A=7.590e+10  b=+0.00  Ea=7270 cal/mol
R2 (k2) rxn 26: A=1.700e+09  b=+0.00  Ea=318 cal/mol
R5 (k5): A=3.340e+01  b=+2.42  Ea=-1930 cal/mol
R4 (k4): A=2.890e+10  b=+0.00  Ea=-497 cal/mol

Running nominal profiles (1 ms, const-P) ...
  OH_peak = 443.4 ppm  at t = 0.0052 ms
  H2O initial = 1234.3 ppm   H2O plateau = 3677.9 ppm
  OH time window: 1.0 µs to 0.1000 ms
  H2O time window: 1.0 µs to 0.1000 ms

Computing sensitivities (OH on fine grid, H2O on coarse grid) ...

OH target probes (window 1.0 µs .. 0.1000 ms, TRUE joint D-optimal, k1/k2/k5/k4):
  1. OH D-opt @ 0.0071 ms            OH ~ 434.42 ppm
  2. OH D-opt @ 0.0126 ms            OH ~ 395.33 ppm
  3. OH D-opt @ 0.0800 ms            OH ~ 148.83 ppm
  4. OH D-opt @ 0.1000 ms            OH ~ 122.68 ppm

H2O target probes (window 1.0 µs .. 0.1000 ms, TRUE joint D-optimal, k1/k2/k5/k4):
  1. H2O D-opt @ 0.0079 ms           H2O ~ 2191.26 ppm
  2. H2O D-opt @ 0.0130 ms           H2O ~ 2719.15 ppm
  3. H2O D-opt @ 0.0526 ms           H2O ~ 3609.84 ppm

Starting fresh: 40000 simulations
  2000/40000  184.1 sim/s  failed=0
  4000/40000  183.5 sim/s  failed=0
  6000/40000  183.0 sim/s  failed=0
  8000/40000  182.6 sim/s  failed=0
  10000/40000  182.1 sim/s  failed=0
  12000/40000  181.7 sim/s  failed=0
  14000/40000  179.6 sim/s  failed=0
  16000/40000  178.1 sim/s  failed=0
  18000/40000  176.8 sim/s  failed=0
  20000/40000  175.6 sim/s  failed=0
  22000/40000  174.6 sim/s  failed=0
  24000/40000  173.5 sim/s  failed=0
  26000/40000  172.7 sim/s  failed=0
  28000/40000  171.8 sim/s  failed=0
  30000/40000  171.1 sim/s  failed=0
  32000/40000  170.4 sim/s  failed=0
  34000/40000  169.7 sim/s  failed=0
  36000/40000  169.0 sim/s  failed=0
  38000/40000  168.4 sim/s  failed=0
  40000/40000  167.8 sim/s  failed=0

Shapes: X=(40000, 8)  Y=(40000, 7)  (failed=0)
  OH outputs:  columns 0..3
  H2O outputs: columns 4..6
Split: train=32000  val=4000  test=4000

Training (1398 K joint OH+H2O+k5+k4, 4-pt OH / 3-pt H2O, OH: 1us-0.1000ms [fixed] / H2O: 1us-0.1000ms [fixed, TRUE JOINT D-OPT]) ...
  ep     1 | train 1.0802e+03 | val 2.8883e+00 | gap 0.003 | wd 5.0e-07 | lr 3.0e-02
  ep   500 | train 7.4781e-02 | val 8.9904e-02 | gap 1.202 | wd 2.0e-08 | lr 3.0e-02
  ep  1000 | train 5.1187e-02 | val 5.3114e-02 | gap 1.038 | wd 2.0e-08 | lr 1.5e-02
  ep  1500 | train 4.1227e-02 | val 4.0907e-02 | gap 0.992 | wd 1.0e-08 | lr 3.7e-03
  ep  2000 | train 4.0914e-02 | val 4.0092e-02 | gap 0.980 | wd 1.0e-08 | lr 1.9e-03
  ep  2500 | train 3.9823e-02 | val 3.9291e-02 | gap 0.987 | wd 1.0e-08 | lr 9.4e-04
  ep  3000 | train 3.9088e-02 | val 3.8930e-02 | gap 0.996 | wd 1.0e-08 | lr 4.7e-04
  ep  3500 | train 3.8784e-02 | val 3.8632e-02 | gap 0.996 | wd 1.0e-08 | lr 4.7e-04
  ep  4000 | train 3.8232e-02 | val 3.8147e-02 | gap 0.998 | wd 1.0e-08 | lr 2.3e-04
  ep  4500 | train 3.8139e-02 | val 3.8078e-02 | gap 0.998 | wd 1.0e-08 | lr 1.2e-04
  ep  5000 | train 3.8079e-02 | val 3.8063e-02 | gap 1.000 | wd 1.0e-08 | lr 2.9e-05
Done in 25.4 min.  Best val: 3.8046e-02

========================================================================
  1398 K Joint (OH + H2O), 4 active params (k1,k2,k5,k4, TRUE JOINT D-OPT)  |  Zhang Table 1
========================================================================

OH accuracy:
  Set 1  sigma=0.1  N=984    mean=  0.95% (<= 1%)  p95=  2.58% (<= 2%)  FAIL
  Set 2  sigma=0.3  N=1004   mean=  2.46% (<= 2%)  p95=  7.06% (<= 5%)  FAIL
  Set 3  sigma=0.5  N=2012   mean=  4.19% (<= 3%)  p95= 13.75% (<= 10%)  FAIL

H2O accuracy:
  Set 1  sigma=0.1  N=984    mean=  0.25% (<= 1%)  p95=  0.76% (<= 2%)  PASS
  Set 2  sigma=0.3  N=1004   mean=  0.69% (<= 2%)  p95=  1.79% (<= 5%)  PASS
  Set 3  sigma=0.5  N=2012   mean=  1.09% (<= 3%)  p95=  3.42% (<= 10%)  PASS
========================================================================
does NOT meet all Zhang Table 1 requirements.

Saved: result_1398k_train_final3.pt
