R1 (k1): A=2.490e+21  Ea=48749 cal/mol
R2 (k5): A=7.590e+10  b=+0.00  Ea=7270 cal/mol
R5 (k5): A=3.340e+01  b=+2.42  Ea=-1930 cal/mol
R4 (k4): A=2.890e+10  b=+0.00  Ea=-497 cal/mol

Running nominal profiles (1 ms, const-P) ...
  OH_peak = 443.4 ppm  at t = 0.0052 ms
  H2O initial = 1234.3 ppm   H2O plateau = 3677.9 ppm
  OH time window: 1.0 µs to 0.1000 ms
  H2O time window: 1.0 µs to 0.1000 ms

Computing sensitivities (OH on fine grid, H2O on coarse grid) ...

OH target probes (window 1.0 µs .. 0.1000 ms, TRUE joint D-optimal, k1/k2/k5/k4):
  1. OH D-opt @ 0.0010 ms            OH ~ 203.88 ppm
  2. OH D-opt @ 0.0075 ms            OH ~ 431.37 ppm
  3. OH D-opt @ 0.0751 ms            OH ~ 158.06 ppm
  4. OH D-opt @ 0.1000 ms            OH ~ 122.68 ppm

H2O target probes (window 1.0 µs .. 0.1000 ms, TRUE joint D-optimal, k1/k2/k5/k4):
  1. H2O D-opt @ 0.0011 ms           H2O ~ 1273.27 ppm
  2. H2O D-opt @ 0.0081 ms           H2O ~ 2216.73 ppm
  3. H2O D-opt @ 0.0482 ms           H2O ~ 3593.70 ppm

Starting fresh: 40000 simulations
  2000/40000  183.1 sim/s  failed=0
  4000/40000  182.5 sim/s  failed=0
  6000/40000  182.0 sim/s  failed=0
  8000/40000  181.5 sim/s  failed=0
  10000/40000  181.0 sim/s  failed=0
  12000/40000  180.5 sim/s  failed=0
  14000/40000  180.0 sim/s  failed=0
  16000/40000  179.6 sim/s  failed=0
  18000/40000  179.3 sim/s  failed=0
  20000/40000  178.8 sim/s  failed=0
  22000/40000  178.4 sim/s  failed=0
  24000/40000  177.9 sim/s  failed=0
  26000/40000  177.4 sim/s  failed=0
  28000/40000  177.0 sim/s  failed=0
  30000/40000  176.6 sim/s  failed=0
  32000/40000  173.8 sim/s  failed=0
  34000/40000  169.7 sim/s  failed=0
  36000/40000  167.0 sim/s  failed=0
  38000/40000  166.6 sim/s  failed=0
  40000/40000  166.2 sim/s  failed=0

Shapes: X=(40000, 8)  Y=(40000, 7)  (failed=0)
  OH outputs:  columns 0..3
  H2O outputs: columns 4..6
Split: train=32000  val=4000  test=4000

Training (1398 K joint OH+H2O+k5+k4, 4-pt OH / 3-pt H2O, OH: 1us-0.1000ms [fixed] / H2O: 1us-0.1000ms [fixed, TRUE JOINT D-OPT]) ...
  ep     1 | train 1.1879e+03 | val 2.6890e+00 | gap 0.002 | wd 5.0e-07 | lr 3.0e-02
  ep   500 | train 1.0269e-01 | val 7.9730e-02 | gap 0.776 | wd 1.0e-08 | lr 3.0e-02
  ep  1000 | train 6.6696e-02 | val 6.9783e-02 | gap 1.046 | wd 2.0e-08 | lr 3.0e-02
  ep  1500 | train 3.3304e-02 | val 3.4265e-02 | gap 1.029 | wd 1.0e-08 | lr 7.5e-03
  ep  2000 | train 3.2248e-02 | val 3.2580e-02 | gap 1.010 | wd 1.0e-08 | lr 3.7e-03
  ep  2500 | train 3.0765e-02 | val 3.1055e-02 | gap 1.009 | wd 1.0e-08 | lr 9.4e-04
  ep  3000 | train 3.0548e-02 | val 3.0615e-02 | gap 1.002 | wd 1.0e-08 | lr 4.7e-04
  ep  3500 | train 3.0519e-02 | val 3.0600e-02 | gap 1.003 | wd 1.0e-08 | lr 4.7e-04
  ep  4000 | train 3.0409e-02 | val 3.0542e-02 | gap 1.004 | wd 1.0e-08 | lr 1.2e-04
  ep  4500 | train 3.0379e-02 | val 3.0500e-02 | gap 1.004 | wd 1.0e-08 | lr 5.9e-05
  ep  5000 | train 3.0354e-02 | val 3.0487e-02 | gap 1.004 | wd 1.0e-08 | lr 7.3e-06
Done in 34.3 min.  Best val: 3.0481e-02

========================================================================
  1398 K Joint (OH + H2O), 4 active params (k1,k2,k5,k4, TRUE JOINT D-OPT)  |  Zhang Table 1
========================================================================

OH accuracy:
  Set 1  sigma=0.1  N=984    mean=  0.80% (<= 1%)  p95=  2.41% (<= 2%)  FAIL
  Set 2  sigma=0.3  N=1004   mean=  1.97% (<= 2%)  p95=  6.09% (<= 5%)  FAIL
  Set 3  sigma=0.5  N=2012   mean=  3.33% (<= 3%)  p95= 11.60% (<= 10%)  FAIL

H2O accuracy:
  Set 1  sigma=0.1  N=984    mean=  0.17% (<= 1%)  p95=  0.47% (<= 2%)  PASS
  Set 2  sigma=0.3  N=1004   mean=  0.47% (<= 2%)  p95=  1.45% (<= 5%)  PASS
  Set 3  sigma=0.5  N=2012   mean=  0.77% (<= 3%)  p95=  2.71% (<= 10%)  PASS
========================================================================
does NOT meet all Zhang Table 1 requirements.

Saved: result_1398k_train_final2.pt
