==============================================================================
  H2O2 RATE PARAMETER OPTIMIZATION -- FULL ANALYSIS
  run at        : 2026-09-14 21:29:26
  mechanism     : chem_cti_toy_model_ogog.yaml
  conditions    : 1192, 1398 K
  output        : analysis_1192_1398_20260914_212926/
==============================================================================

  experimental uncertainty (log space)  : 0.05
  prior sd of normalized parameters     : 0.5  (lambda = 4)
  prior sd of the OH trigger offset     : 2.0 us
  inconsistency threshold               : |F| > 1.0

==============================================================================
  [1]  SETUP AND VALIDATION
==============================================================================

  --- surrogate files -----------------------------------------------------
      1192 K / 1.95 atm    result_1192k_train_final4.pt   4 OH + 3 H2O targets, hidden 32, best val loss 3.494e-02
      1398 K / 1.91 atm    result_1398k_train_final4.pt   4 OH + 3 H2O targets, hidden 32, best val loss 3.857e-02
      shared parameters: ['lnA_R1', 'Ea_R1', 'lnA_R2', 'Ea_R2', 'lnA_R5', 'Ea_R5', 'lnA_R4', 'Ea_R4']
      LN_F = 2.302585, SIGMA_E = 5000 cal/mol

  --- mechanism content ---------------------------------------------------
      R1: H2O2 (+M) <=> 2 OH (+M)          1 branch(es) at [21]   falloff, low pressure limit is the active parameter
      R2: H2O2 + OH <=> H2O + HO2          2 branch(es) at [25, 26]
      R5: 2 OH <=> H2O + O                 1 branch(es) at [4]
      R4: HO2 + OH <=> H2O + O2            1 branch(es) at [18]
      at 1192 K: k(R1) = 2.415e+05, k(R2) = 5.013e+09, k(R5) = 2.1e+09, k(R4) = 3.565e+10
      at 1398 K: k(R1) = 3.473e+06, k(R2) = 7.059e+09, k(R5) = 2.739e+09, k(R4) = 3.456e+10

  --- perturbation is an exact multiplicative factor on k(T) --------------
      A common A factor and a common Ea shift on every duplicate branch
      must give  k'(T)/k(T) = exp(x_A*LN_F - x_Ea*SIGMA_E/RT) exactly.
      R1 @1192 K (low-P limit)  k'/k = 11.65969055  expected 11.65969055  dev 3.0e-15  ok
      R1 @1398 K (low-P limit)  k'/k = 10.29566632  expected 10.29566632  dev 8.9e-16  ok
      R2 @1192 K                k'/k = 11.65969055  expected 11.65969055  dev 0.0e+00  ok
      R2 @1398 K                k'/k = 10.29566632  expected 10.29566632  dev 3.3e-16  ok
      R5 @1192 K                k'/k = 11.65969055  expected 11.65969055  dev 6.7e-16  ok
      R5 @1398 K                k'/k = 10.29566632  expected 10.29566632  dev 1.1e-15  ok
      R4 @1192 K                k'/k = 11.65969055  expected 11.65969055  dev 0.0e+00  ok
      R4 @1398 K                k'/k = 10.29566632  expected 10.29566632  dev 0.0e+00  ok
      all reactions pass

  --- surrogate against the full model ------------------------------------
      At x = 0 both must agree. A probe with one parameter displaced
      catches a training / optimization mismatch that x = 0 hides,
      for example a duplicate pair perturbed on one branch only.
      1192 K / 1.95 atm
        x = 0            largest  0.69%   0.69 0.12 0.27 0.10 0.10 0.05 0.23
        lnA_R1 = +0.3    largest  1.70%   0.22 0.48 1.70 1.12 0.68 0.54 0.03
        lnA_R2 = +0.3    largest  1.18%   0.66 0.11 0.05 1.18 0.04 0.16 0.23
        lnA_R5 = +0.3    largest  1.18%   0.17 0.45 1.18 0.01 0.17 0.20 0.24
        lnA_R4 = +0.3    largest  2.71%   0.75 0.90 2.71 1.05 0.11 0.14 0.41
      1398 K / 1.91 atm
        x = 0            largest  1.37%   0.81 0.49 1.33 1.37 0.32 0.21 0.16
        lnA_R1 = +0.3    largest  2.20%   2.20 1.06 1.58 1.21 0.28 0.31 0.06
        lnA_R2 = +0.3    largest  4.52%   1.14 2.15 4.52 2.78 0.31 0.71 0.27
        lnA_R5 = +0.3    largest  2.18%   1.04 0.56 1.87 2.18 0.27 0.51 0.20
        lnA_R4 = +0.3    largest  1.55%   0.85 1.55 1.42 0.62 0.21 0.07 0.17
      consistent at every probe (largest 4.52%)

==============================================================================
  [2]  OPTIMIZATION
==============================================================================

  14 data points, 8 rate parameters + 1 trigger offsets = 9 unknowns
      multi-start: 16 runs, best 2*cost = 5.57865, 14/16 within 1%
      note: restarts disagree; compare the x* they reach before trusting one of them
      objective value (Zhang Eq. 8) = 5.578652

  --- optimized rate parameters -------------------------------------------
      parameter        x*  posterior sd  sd/prior   physical value
      lnA_R1      -0.3987        0.1938      0.39   A factor x 0.3993
      Ea_R1       -0.4686        0.2290      0.46   Ea -2343 cal/mol
      lnA_R2      -0.0814        0.2323      0.46   A factor x 0.8292
      Ea_R2       -0.1133        0.2479      0.50   Ea -566 cal/mol
      lnA_R5      -0.1427        0.3029      0.61   A factor x 0.7199
      Ea_R5       -0.1085        0.3879      0.78   Ea -542 cal/mol
      lnA_R4      -0.1355        0.3521      0.70   A factor x 0.7320
      Ea_R4       +0.0987        0.3859      0.77   Ea +493 cal/mol

  --- OH trigger offset ---------------------------------------------------
      1192 K / 1.95 atm    frozen at 0   leverage 0.087 (threshold 0.146, below it this parameter is not determinable)
      1398 K / 1.91 atm    tau = +0.209 us   leverage 0.492 (threshold 0.146)

  --- Zhang freezing test on the rate parameters --------------------------
      criterion: |x| < 0.0212 AND posterior sd > 0.480  (did not move and did not tighten)
      flagged for freezing: none

  --- posterior structure -------------------------------------------------
      sd along the eigen-directions (prior = 0.5):
      0.4999  0.4949  0.3803  0.2222  0.1711  0.0456  0.0157  0.0075
      directions still at the prior level: 2 of 8   (these are not determined by the data)
      condition number of the posterior covariance: 4417
        sd = 0.4999   largest component: Ea_R4    vector = [ 0.01  0.01  0.16  0.18 -0.07 -0.09 -0.65 -0.71]
        sd = 0.4949   largest component: Ea_R5    vector = [-0.09 -0.11 -0.07 -0.1   0.6   0.76 -0.1  -0.1 ]
        sd = 0.3803   largest component: Ea_R2    vector = [0.4  0.47 0.5  0.52 0.09 0.19 0.01 0.22]
      correlation between ln A and Ea:
        R1   +0.991   (still on the A / Ea line: only the combination is determined)
        R2   +0.974   (still on the A / Ea line: only the combination is determined)
        R5   +0.983   (still on the A / Ea line: only the combination is determined)
        R4   +0.772

  --- overall goodness of fit ---------------------------------------------
      sum of squared data residuals = 3.735 over 14 data points
      effective degrees of freedom between 5 (prior weak) and 14 (prior strong)
      chi-square 95% critical value: 11.07 .. 23.68
      verdict: consistent

  --- rate constants relative to nominal, at the experimental temperatures 
      reaction   T [K]   k/k_nom         2 sigma range
      R1        1192     1.074        0.928 .. 1.242
      R1        1398     0.928        0.811 .. 1.062
      R2        1192     1.053        0.827 .. 1.341
      R2        1398     1.017        0.765 .. 1.351
      R5        1192     0.905        0.625 .. 1.311
      R5        1398     0.875        0.676 .. 1.133
      R4        1192     0.594        0.199 .. 1.780
      R4        1398     0.613        0.217 .. 1.732

  --- pivot temperature (where this fit is most certain) ------------------
      Away from the pivot the A factor and Ea trade off and the band widens.
      Quote k at the pivot, not at the edges of an extrapolated range.
      R1     pivot =   1303 K   k/k_nom = 0.987 +/- 0.060 (1 sd of ln k)   [at 2500 K the sd is 0.220]
      R2     pivot =   1197 K   k/k_nom = 1.052 +/- 0.121 (1 sd of ln k)   [at 2500 K the sd is 0.297]
      R5     pivot =   1424 K   k/k_nom = 0.872 +/- 0.128 (1 sd of ln k)   [at 2500 K the sd is 0.322]
      R4     pivot =   1551 K   k/k_nom = 0.624 +/- 0.515 (1 sd of ln k)   [at 2500 K the sd is 0.567]

==============================================================================
  [3]  CONSISTENCY TEST  (Zhang Eq. 13)
==============================================================================

  F = (observed - predicted) / (2 x experimental uncertainty).
  |F| > 1 means that data point cannot be reconciled with the model.
  The Cantera column is the one to judge on: it uses the full model
  rather than the surrogate, so it is not affected by surrogate error.

  --- 1192 K / 1.95 atm   tau = +0.000 us ---------------------------------
      target            F (surrogate)   F (Cantera)  difference  obs/pred   status
      OH  0.0180 ms            +0.408        +0.397      -0.011     1.040   ok
      OH  0.0680 ms            +0.116        +0.070      -0.046     1.007   ok
      OH  0.4252 ms            -0.338        -0.504      -0.167     0.951   ok
      OH  0.6532 ms            -0.431        -0.766      -0.336     0.926   ok
      H2O 0.0051 ms            +0.066        +0.091      +0.025     1.009   ok
      H2O 0.0928 ms            -0.260        -0.263      -0.003     0.974   ok
      H2O 0.3731 ms            -0.293        -0.306      -0.013     0.970   ok
      largest |F| = 0.766   all data points consistent
      largest surrogate contribution to |F| = 0.336 (3.4% error in the predicted value)
      warning: the surrogate accounts for a noticeable part of the F value; judge consistency on the Cantera column only

  --- 1398 K / 1.91 atm   tau = +0.209 us ---------------------------------
      target            F (surrogate)   F (Cantera)  difference  obs/pred   status
      OH  0.0071 ms            +0.090        +0.170      +0.079     1.017   ok
      OH  0.0126 ms            -0.148        -0.072      +0.076     0.993   ok
      OH  0.0800 ms            +0.174        +0.044      -0.130     1.004   ok
      OH  0.1000 ms            +0.050        -0.076      -0.126     0.992   ok
      H2O 0.0079 ms            -0.481        -0.444      +0.037     0.957   ok
      H2O 0.0129 ms            -0.032        +0.005      +0.036     1.000   ok
      H2O 0.0526 ms            +0.044        +0.032      -0.011     1.003   ok
      largest |F| = 0.444   all data points consistent
      largest surrogate contribution to |F| = 0.130 (1.3% error in the predicted value)

==============================================================================
  [4]  CONFIRMATION WITHOUT THE SURROGATE
==============================================================================

  The Cantera column of the consistency test checks the prediction at
  a given x. It does not check x itself, because x came out of the
  surrogate. Repeating the fit with Cantera in place of the network is
  the only check on the optimized parameters. Starting from the
  surrogate optimum, so this converges in a few iterations.

  --- optimized parameters with and without the surrogate -----------------
      parameter    surrogate     Cantera   difference    in sd   physical difference
      lnA_R1         -0.3987     -0.3304      +0.0683     0.35   A factor x 1.1703
      Ea_R1          -0.4686     -0.3968      +0.0717     0.31   +359 cal/mol
      lnA_R2         -0.0814     -0.0205      +0.0609     0.26   A factor x 1.1504
      Ea_R2          -0.1133     -0.0831      +0.0302     0.12   +151 cal/mol
      lnA_R5         -0.1427     -0.1109      +0.0318     0.11   A factor x 1.0760
      Ea_R5          -0.1085     -0.0742      +0.0343     0.09   +171 cal/mol
      lnA_R4         -0.1355     -0.2252      -0.0897     0.25   A factor x 0.8134
      Ea_R4          +0.0987     +0.1522      +0.0536     0.14   +268 cal/mol
      largest difference is 0.35 posterior standard deviations
      *** the surrogate is shifting the optimum; improve it before
      *** reporting these parameters

==============================================================================
  [5]  SIGNIFICANCE OF EACH REACTION
==============================================================================

  Each reaction is fixed at its nominal value and the fit repeated.
  The rise in the sum of squared data residuals is compared against the
  chi-square distribution with 2 degrees of freedom (one A factor and
  one activation energy). Critical values: 5.99 at 95%, 9.21 at 99%.
  A reaction that does not raise the residual is not determined by the
  data and should be frozen (Zhang Eqs. 15-16).

      frozen      residual sum      rise    p value   verdict
      none               3.735                        reference
      R1                 9.046     5.311     0.0703   NOT significant, freeze it
      R2                 5.482     1.748     0.4174   NOT significant, freeze it
      R5                 4.866     1.131     0.5681   NOT significant, freeze it
      R4                11.476     7.741     0.0208   significant

      Recommendation: freeze R1, R2, R5 and re-run. This
      removes parameters the data does not determine and tightens
      the uncertainty on the remaining ones.

==============================================================================
  [6]  PREDICTIVE TEST  (leave one condition out)
==============================================================================

  Each condition is removed from the fit in turn and then predicted.
  This is the only test of predictive capability: the consistency test
  above uses every condition in the fit, so it can only show internal
  agreement. A prediction that fails while the joint fit passes means
  the conditions are being reconciled by parameters rather than agreeing.

  --- fit on 1398 K, predict 1192 K ---------------------------------------
      x* = [-0.0366  0.0226 -0.0302  0.0321 -0.02    0.0174 -0.0297  0.0221]

  --- 1192 K / 1.95 atm   [HELD OUT: this is a prediction]   tau = +0.408 us 
      target            F (surrogate)   F (Cantera)  difference  obs/pred   status
      OH  0.0180 ms            +1.147        +1.063      -0.084     1.112   INCONSISTENT
      OH  0.0680 ms            +0.985        +0.996      +0.011     1.105   ok
      OH  0.4252 ms            -0.948        -0.903      +0.045     0.914   ok
      OH  0.6532 ms            -1.817        -1.813      +0.003     0.834   INCONSISTENT
      H2O 0.0051 ms            +0.160        +0.166      +0.006     1.017   ok
      H2O 0.0928 ms            +0.295        +0.296      +0.001     1.030   ok
      H2O 0.3731 ms            -0.147        -0.138      +0.008     0.986   ok
      largest |F| = 1.813   AT LEAST ONE DATA POINT CANNOT BE RECONCILED
      largest surrogate contribution to |F| = 0.084 (0.8% error in the predicted value)

  --- 1398 K / 1.91 atm   tau = +0.160 us ---------------------------------
      target            F (surrogate)   F (Cantera)  difference  obs/pred   status
      OH  0.0071 ms            +0.192        +0.214      +0.022     1.022   ok
      OH  0.0126 ms            -0.153        -0.128      +0.026     0.987   ok
      OH  0.0800 ms            +0.050        -0.045      -0.096     0.995   ok
      OH  0.1000 ms            -0.079        -0.170      -0.091     0.983   ok
      H2O 0.0079 ms            -0.270        -0.273      -0.004     0.973   ok
      H2O 0.0129 ms            +0.121        +0.134      +0.013     1.014   ok
      H2O 0.0526 ms            +0.071        +0.068      -0.003     1.007   ok
      largest |F| = 0.273   all data points consistent
      largest surrogate contribution to |F| = 0.096 (1.0% error in the predicted value)
      prediction for 1192 K: largest |F| = 1.813   FAILS

  --- fit on 1192 K, predict 1398 K ---------------------------------------
      x* = [ 0.0071 -0.01   -0.0011  0.0041  0.1351 -0.1307 -0.1168  0.1144]

  --- 1192 K / 1.95 atm   tau = +0.000 us ---------------------------------
      target            F (surrogate)   F (Cantera)  difference  obs/pred   status
      OH  0.0180 ms            +0.140        +0.232      +0.092     1.024   ok
      OH  0.0680 ms            +0.035        -0.072      -0.107     0.993   ok
      OH  0.4252 ms            -0.302        -0.399      -0.097     0.961   ok
      OH  0.6532 ms            +0.136        -0.124      -0.260     0.988   ok
      H2O 0.0051 ms            +0.116        +0.110      -0.006     1.011   ok
      H2O 0.0928 ms            -0.149        -0.168      -0.019     0.983   ok
      H2O 0.3731 ms            -0.268        -0.285      -0.017     0.972   ok
      largest |F| = 0.399   all data points consistent
      largest surrogate contribution to |F| = 0.260 (2.6% error in the predicted value)
      warning: the surrogate accounts for a noticeable part of the F value; judge consistency on the Cantera column only

  --- 1398 K / 1.91 atm   [HELD OUT: this is a prediction]   tau = +0.917 us 
      target            F (surrogate)   F (Cantera)  difference  obs/pred   status
      OH  0.0071 ms            -0.297        -0.319      -0.022     0.969   ok
      OH  0.0126 ms            -0.556        -0.486      +0.070     0.953   ok
      OH  0.0800 ms            +2.348        +2.472      +0.124     1.280   INCONSISTENT
      OH  0.1000 ms            +1.804        +1.937      +0.133     1.214   INCONSISTENT
      H2O 0.0079 ms            -0.808        -0.766      +0.042     0.926   ok
      H2O 0.0129 ms            -0.338        -0.303      +0.035     0.970   ok
      H2O 0.0526 ms            -0.021        -0.015      +0.007     0.999   ok
      largest |F| = 2.472   AT LEAST ONE DATA POINT CANNOT BE RECONCILED
      largest surrogate contribution to |F| = 0.133 (1.3% error in the predicted value)
      prediction for 1398 K: largest |F| = 2.472   FAILS

==============================================================================
  [7]  FIGURES
==============================================================================
      saved analysis_1192_1398_20260914_212926/profiles.png

==============================================================================
  [8]  SUMMARY
==============================================================================

  conditions fitted            : 1192, 1398 K
  free rate parameters         : 8 of 8
  objective value              : 5.5787
  sum of squared data residuals: 3.735 over 14 points
  largest |F| (Cantera)        : 0.766   all data points consistent
  surrogate shift in optimum   : 0.35 sd
  directions still at prior    : 2 of 8
  R1 significance              : p = 0.0703  not significant
  R2 significance              : p = 0.4174  not significant
  R5 significance              : p = 0.5681  not significant
  R4 significance              : p = 0.0208  significant
  prediction of 1192 K          : largest |F| = 1.813  FAILS
  prediction of 1398 K          : largest |F| = 2.472  FAILS

  elapsed: 4.1 s
  written: analysis_1192_1398_20260914_212926/analysis.log
           analysis_1192_1398_20260914_212926/result.json
           analysis_1192_1398_20260914_212926/profiles.png
