==============================================================================
  H2O2 RATE PARAMETER OPTIMIZATION -- FULL ANALYSIS
  run at        : 2026-09-09 19:19:42
  mechanism     : chem_cti_toy_model_ogog.yaml
  conditions    : 1192, 1398 K
  output        : analysis_1192_1398_20260909_191942/
==============================================================================

  experimental uncertainty (log space)  : 0.05
  prior sd of normalized parameters     : 0.5  (lambda = 4)
  prior sd of the OH trigger offset     : 2.0 us
  inconsistency threshold               : |F| > 1.0

==============================================================================
  [1]  SETUP AND VALIDATION
==============================================================================

  --- surrogate files -----------------------------------------------------
      1192 K / 1.95 atm    result_1192k_train_final.pt   4 OH + 3 H2O targets, hidden 32, best val loss 3.788e-02
      1398 K / 1.91 atm    result_1398k_train_final.pt   4 OH + 3 H2O targets, hidden 32, best val loss 4.483e-02
      shared parameters: ['lnA_R1', 'Ea_R1', 'lnA_R2', 'Ea_R2', 'lnA_R5', 'Ea_R5', 'lnA_R4', 'Ea_R4']
      LN_F = 2.302585, SIGMA_E = 5000 cal/mol

  --- mechanism content ---------------------------------------------------
      R1: H2O2 (+M) <=> 2 OH (+M)          1 branch(es) at [21]   falloff, low pressure limit is the active parameter
      R2: H2O2 + OH <=> H2O + HO2          2 branch(es) at [25, 26]
      R5: 2 OH <=> H2O + O                 1 branch(es) at [4]
      R4: HO2 + OH <=> H2O + O2            1 branch(es) at [18]
      at 1192 K: k(R1) = 2.415e+05, k(R2) = 5.013e+09, k(R5) = 2.1e+09, k(R4) = 3.565e+10
      at 1398 K: k(R1) = 3.473e+06, k(R2) = 7.059e+09, k(R5) = 2.739e+09, k(R4) = 3.456e+10

  --- perturbation is an exact multiplicative factor on k(T) --------------
      A common A factor and a common Ea shift on every duplicate branch
      must give  k'(T)/k(T) = exp(x_A*LN_F - x_Ea*SIGMA_E/RT) exactly.
      R1 @1192 K (low-P limit)  k'/k = 11.65969055  expected 11.65969055  dev 3.0e-15  ok
      R1 @1398 K (low-P limit)  k'/k = 10.29566632  expected 10.29566632  dev 8.9e-16  ok
      R2 @1192 K                k'/k = 11.65969055  expected 11.65969055  dev 0.0e+00  ok
      R2 @1398 K                k'/k = 10.29566632  expected 10.29566632  dev 3.3e-16  ok
      R5 @1192 K                k'/k = 11.65969055  expected 11.65969055  dev 6.7e-16  ok
      R5 @1398 K                k'/k = 10.29566632  expected 10.29566632  dev 1.1e-15  ok
      R4 @1192 K                k'/k = 11.65969055  expected 11.65969055  dev 0.0e+00  ok
      R4 @1398 K                k'/k = 10.29566632  expected 10.29566632  dev 0.0e+00  ok
      all reactions pass

  --- surrogate against the full model ------------------------------------
      At x = 0 both must agree. A probe with one parameter displaced
      catches a training / optimization mismatch that x = 0 hides,
      for example a duplicate pair perturbed on one branch only.
      1192 K / 1.95 atm
        x = 0            largest  1.75%   0.65 0.01 0.07 1.75 0.10 0.03 0.94
        lnA_R1 = +0.3    largest  4.20%   0.14 1.24 0.57 4.20 0.14 0.06 0.22
        lnA_R2 = +0.3    largest  3.75%   0.25 0.89 2.46 3.75 0.26 0.11 1.24
        lnA_R5 = +0.3    largest  4.22%   0.33 0.10 0.40 4.22 0.37 0.05 0.87
        lnA_R4 = +0.3    largest  1.36%   0.43 0.81 1.36 0.55 0.07 0.02 0.71
      1398 K / 1.91 atm
        x = 0            largest  1.43%   0.67 1.43 0.36 1.17 0.10 0.06 0.01
        lnA_R1 = +0.3    largest  2.44%   2.15 1.37 0.18 2.44 1.33 1.04 0.20
        lnA_R2 = +0.3    largest  3.26%   1.62 0.88 2.92 3.26 0.24 0.06 0.42
        lnA_R5 = +0.3    largest  2.57%   0.11 1.14 0.17 2.57 0.19 0.41 0.07
        lnA_R4 = +0.3    largest  0.46%   0.09 0.30 0.30 0.46 0.23 0.27 0.01
      consistent at every probe (largest 4.22%)

==============================================================================
  [2]  OPTIMIZATION
==============================================================================

  14 data points, 8 rate parameters + 2 trigger offsets = 10 unknowns
      multi-start: 16 runs, best 2*cost = 5.91494, 1/16 within 1%
      note: restarts disagree; compare the x* they reach before trusting one of them
      objective value (Zhang Eq. 8) = 5.914945

  --- optimized rate parameters -------------------------------------------
      parameter        x*  posterior sd  sd/prior   physical value
      lnA_R1      -0.3512        0.2290      0.46   A factor x 0.4455
      Ea_R1       -0.4356        0.2856      0.57   Ea -2178 cal/mol
      lnA_R2      +0.1185        0.2206      0.44   A factor x 1.3136
      Ea_R2       +0.0239        0.2568      0.51   Ea +119 cal/mol
      lnA_R5      -0.0455        0.3095      0.62   A factor x 0.9006
      Ea_R5       +0.0030        0.3929      0.79   Ea +15 cal/mol
      lnA_R4      -0.2829        0.3430      0.69   A factor x 0.5214
      Ea_R4       +0.3634        0.3740      0.75   Ea +1817 cal/mol

  --- OH trigger offset ---------------------------------------------------
      1192 K / 1.95 atm    tau = +0.438 us   leverage 0.165 (threshold 0.146)
      1398 K / 1.91 atm    tau = -0.920 us   leverage 0.492 (threshold 0.146)

  --- Zhang freezing test on the rate parameters --------------------------
      criterion: |x| < 0.0212 AND posterior sd > 0.480  (did not move and did not tighten)
      flagged for freezing: none

  --- posterior structure -------------------------------------------------
      sd along the eigen-directions (prior = 0.5):
      0.4992  0.4985  0.4426  0.2243  0.1041  0.0346  0.0172  0.0075
      directions still at the prior level: 2 of 8   (these are not determined by the data)
      condition number of the posterior covariance: 4454
        sd = 0.4992   largest component: Ea_R4    vector = [ 0.02  0.02  0.09  0.1   0.3   0.39 -0.56 -0.65]
        sd = 0.4985   largest component: Ea_R5    vector = [-0.04 -0.05 -0.11 -0.12  0.54  0.68  0.33  0.33]
        sd = 0.4426   largest component: Ea_R1    vector = [0.48 0.59 0.37 0.48 0.05 0.06 0.21 0.04]
      correlation between ln A and Ea:
        R1   +0.985   (still on the A / Ea line: only the combination is determined)
        R2   +0.965   (still on the A / Ea line: only the combination is determined)
        R5   +0.980   (still on the A / Ea line: only the combination is determined)
        R4   +0.900   (still on the A / Ea line: only the combination is determined)

  --- overall goodness of fit ---------------------------------------------
      sum of squared data residuals = 3.488 over 14 data points
      effective degrees of freedom between 4 (prior weak) and 14 (prior strong)
      chi-square 95% critical value: 9.49 .. 23.68
      verdict: consistent

  --- rate constants relative to nominal, at the experimental temperatures 
      reaction   T [K]   k/k_nom         2 sigma range
      R1        1192     1.117        0.875 .. 1.427
      R1        1398     0.976        0.815 .. 1.168
      R2        1192     1.249        0.938 .. 1.664
      R2        1398     1.258        0.958 .. 1.653
      R5        1192     0.895        0.610 .. 1.313
      R5        1398     0.896        0.676 .. 1.186
      R4        1192     0.242        0.119 .. 0.491
      R4        1398     0.271        0.136 .. 0.542

  --- pivot temperature (where this fit is most certain) ------------------
      Away from the pivot the A factor and Ea trade off and the band widens.
      Quote k at the pivot, not at the edges of an extrapolated range.
      R1     pivot =   1383 K   k/k_nom = 0.984 +/- 0.090 (1 sd of ln k)   [at 2500 K the sd is 0.249]
      R2     pivot =   1319 K   k/k_nom = 1.255 +/- 0.134 (1 sd of ln k)   [at 2500 K the sd is 0.267]
      R5     pivot =   1415 K   k/k_nom = 0.896 +/- 0.140 (1 sd of ln k)   [at 2500 K the sd is 0.334]
      R4     pivot =   1324 K   k/k_nom = 0.261 +/- 0.344 (1 sd of ln k)   [at 2500 K the sd is 0.480]

==============================================================================
  [3]  CONSISTENCY TEST  (Zhang Eq. 13)
==============================================================================

  F = (observed - predicted) / (2 x experimental uncertainty).
  |F| > 1 means that data point cannot be reconciled with the model.
  The Cantera column is the one to judge on: it uses the full model
  rather than the surrogate, so it is not affected by surrogate error.

  --- 1192 K / 1.95 atm   tau = +0.438 us ---------------------------------
      target            F (surrogate)   F (Cantera)  difference  obs/pred   status
      OH  0.0180 ms            +0.376        +0.428      +0.052     1.044   ok
      OH  0.0263 ms            +0.126        +0.145      +0.018     1.015   ok
      OH  0.4252 ms            -0.481        -0.921      -0.440     0.912   ok
      OH  0.6532 ms            -0.007        -0.567      -0.560     0.945   ok
      H2O 0.0051 ms            +0.049        +0.052      +0.003     1.005   ok
      H2O 0.0928 ms            -0.320        -0.298      +0.022     0.971   ok
      H2O 0.3709 ms            -0.002        +0.065      +0.067     1.007   ok
      largest |F| = 0.921   all data points consistent
      largest surrogate contribution to |F| = 0.560 (5.8% error in the predicted value)
      warning: the surrogate accounts for a noticeable part of the F value; judge consistency on the Cantera column only

  --- 1398 K / 1.91 atm   tau = -0.920 us ---------------------------------
      target            F (surrogate)   F (Cantera)  difference  obs/pred   status
      OH  0.0071 ms            +0.116        +0.258      +0.142     1.026   ok
      OH  0.0126 ms            -0.266        -0.143      +0.123     0.986   ok
      OH  0.0800 ms            +0.063        -0.063      -0.126     0.994   ok
      OH  0.1000 ms            -0.012        -0.158      -0.146     0.984   ok
      H2O 0.0079 ms            -0.533        -0.545      -0.012     0.947   ok
      H2O 0.0130 ms            +0.040        +0.052      +0.012     1.005   ok
      H2O 0.0526 ms            +0.067        +0.057      -0.010     1.006   ok
      largest |F| = 0.545   all data points consistent
      largest surrogate contribution to |F| = 0.146 (1.5% error in the predicted value)

==============================================================================
  [4]  CONFIRMATION WITHOUT THE SURROGATE
==============================================================================

  The Cantera column of the consistency test checks the prediction at
  a given x. It does not check x itself, because x came out of the
  surrogate. Repeating the fit with Cantera in place of the network is
  the only check on the optimized parameters. Starting from the
  surrogate optimum, so this converges in a few iterations.

  --- optimized parameters with and without the surrogate -----------------
      parameter    surrogate     Cantera   difference    in sd   physical difference
      lnA_R1         -0.3512     -0.3732      -0.0220     0.10   A factor x 0.9506
      Ea_R1          -0.4356     -0.4589      -0.0233     0.08   -116 cal/mol
      lnA_R2         +0.1185     +0.0036      -0.1149     0.52   A factor x 0.7676
      Ea_R2          +0.0239     -0.0638      -0.0876     0.34   -438 cal/mol
      lnA_R5         -0.0455     -0.1166      -0.0712     0.23   A factor x 0.8488
      Ea_R5          +0.0030     -0.0769      -0.0799     0.20   -399 cal/mol
      lnA_R4         -0.2829     -0.2340      +0.0489     0.14   A factor x 1.1192
      Ea_R4          +0.3634     +0.1660      -0.1974     0.53   -987 cal/mol
      largest difference is 0.53 posterior standard deviations
      *** the surrogate is shifting the optimum; improve it before
      *** reporting these parameters

==============================================================================
  [5]  SIGNIFICANCE OF EACH REACTION
==============================================================================

  Each reaction is fixed at its nominal value and the fit repeated.
  The rise in the sum of squared data residuals is compared against the
  chi-square distribution with 2 degrees of freedom (one A factor and
  one activation energy). Critical values: 5.99 at 95%, 9.21 at 99%.
  A reaction that does not raise the residual is not determined by the
  data and should be frozen (Zhang Eqs. 15-16).

      frozen      residual sum      rise    p value   verdict
      none               3.488                        reference
      R1                10.167     6.679     0.0355   significant
      R2                 5.936     2.448     0.2941   NOT significant, freeze it
      R5                 4.528     1.040     0.5944   NOT significant, freeze it
      R4                 9.603     6.115     0.0470   significant

      Recommendation: freeze R2, R5 and re-run. This
      removes parameters the data does not determine and tightens
      the uncertainty on the remaining ones.

==============================================================================
  [6]  PREDICTIVE TEST  (leave one condition out)
==============================================================================

  Each condition is removed from the fit in turn and then predicted.
  This is the only test of predictive capability: the consistency test
  above uses every condition in the fit, so it can only show internal
  agreement. A prediction that fails while the joint fit passes means
  the conditions are being reconciled by parameters rather than agreeing.

  --- fit on 1398 K, predict 1192 K ---------------------------------------
      x* = [-0.0373  0.0282 -0.0172  0.0146 -0.0178  0.0135 -0.1263  0.0966]

  --- 1192 K / 1.95 atm   [HELD OUT: this is a prediction]   tau = +2.111 us 
      target            F (surrogate)   F (Cantera)  difference  obs/pred   status
      OH  0.0180 ms            +1.031        +1.048      +0.018     1.111   INCONSISTENT
      OH  0.0263 ms            +0.999        +0.953      -0.046     1.100   ok
      OH  0.4252 ms            -0.528        -0.565      -0.038     0.945   ok
      OH  0.6532 ms            -1.413        -1.340      +0.073     0.875   INCONSISTENT
      H2O 0.0051 ms            +0.148        +0.161      +0.013     1.016   ok
      H2O 0.0928 ms            +0.357        +0.369      +0.012     1.038   ok
      H2O 0.3709 ms            +0.191        +0.251      +0.060     1.025   ok
      largest |F| = 1.340   AT LEAST ONE DATA POINT CANNOT BE RECONCILED
      largest surrogate contribution to |F| = 0.073 (0.7% error in the predicted value)

  --- 1398 K / 1.91 atm   tau = +0.185 us ---------------------------------
      target            F (surrogate)   F (Cantera)  difference  obs/pred   status
      OH  0.0071 ms            +0.096        +0.167      +0.071     1.017   ok
      OH  0.0126 ms            -0.086        -0.172      -0.086     0.983   ok
      OH  0.0800 ms            +0.081        -0.062      -0.144     0.994   ok
      OH  0.1000 ms            -0.085        -0.122      -0.037     0.988   ok
      H2O 0.0079 ms            -0.195        -0.177      +0.017     0.982   ok
      H2O 0.0130 ms            +0.226        +0.271      +0.046     1.028   ok
      H2O 0.0526 ms            +0.058        +0.065      +0.007     1.007   ok
      largest |F| = 0.271   all data points consistent
      largest surrogate contribution to |F| = 0.144 (1.4% error in the predicted value)
      prediction for 1192 K: largest |F| = 1.340   FAILS

  --- fit on 1192 K, predict 1398 K ---------------------------------------
      x* = [ 0.012  -0.0139  0.0021  0.0007  0.0884 -0.088  -0.1373  0.1322]

  --- 1192 K / 1.95 atm   tau = +0.251 us ---------------------------------
      target            F (surrogate)   F (Cantera)  difference  obs/pred   status
      OH  0.0180 ms            +0.005        +0.024      +0.020     1.002   ok
      OH  0.0263 ms            +0.173        +0.064      -0.109     1.006   ok
      OH  0.4252 ms            -0.299        -0.601      -0.302     0.942   ok
      OH  0.6532 ms            +0.096        -0.371      -0.467     0.964   ok
      H2O 0.0051 ms            +0.133        +0.103      -0.030     1.010   ok
      H2O 0.0928 ms            -0.225        -0.216      +0.009     0.979   ok
      H2O 0.3709 ms            -0.037        +0.054      +0.091     1.005   ok
      largest |F| = 0.601   all data points consistent
      largest surrogate contribution to |F| = 0.467 (4.8% error in the predicted value)
      warning: the surrogate accounts for a noticeable part of the F value; judge consistency on the Cantera column only

  --- 1398 K / 1.91 atm   [HELD OUT: this is a prediction]   tau = +0.766 us 
      target            F (surrogate)   F (Cantera)  difference  obs/pred   status
      OH  0.0071 ms            -0.629        -0.619      +0.010     0.940   ok
      OH  0.0126 ms            -0.695        -0.805      -0.110     0.923   ok
      OH  0.0800 ms            +1.993        +1.980      -0.013     1.219   INCONSISTENT
      OH  0.1000 ms            +1.582        +1.606      +0.024     1.174   INCONSISTENT
      H2O 0.0079 ms            -0.858        -0.793      +0.065     0.924   ok
      H2O 0.0130 ms            -0.340        -0.290      +0.050     0.971   ok
      H2O 0.0526 ms            -0.023        -0.011      +0.013     0.999   ok
      largest |F| = 1.980   AT LEAST ONE DATA POINT CANNOT BE RECONCILED
      largest surrogate contribution to |F| = 0.110 (1.1% error in the predicted value)
      prediction for 1398 K: largest |F| = 1.980   FAILS

==============================================================================
  [7]  FIGURES
==============================================================================
      saved analysis_1192_1398_20260909_191942/profiles.png

==============================================================================
  [8]  SUMMARY
==============================================================================

  conditions fitted            : 1192, 1398 K
  free rate parameters         : 8 of 8
  objective value              : 5.9149
  sum of squared data residuals: 3.488 over 14 points
  largest |F| (Cantera)        : 0.921   all data points consistent
  surrogate shift in optimum   : 0.53 sd
  directions still at prior    : 2 of 8
  R1 significance              : p = 0.0355  significant
  R2 significance              : p = 0.2941  not significant
  R5 significance              : p = 0.5944  not significant
  R4 significance              : p = 0.0470  significant
  prediction of 1192 K          : largest |F| = 1.340  FAILS
  prediction of 1398 K          : largest |F| = 1.980  FAILS

  elapsed: 6.5 s
  written: analysis_1192_1398_20260909_191942/analysis.log
           analysis_1192_1398_20260909_191942/result.json
           analysis_1192_1398_20260909_191942/profiles.png
