==============================================================================
  H2O2 RATE PARAMETER OPTIMIZATION -- FULL ANALYSIS
  run at        : 2026-09-14 20:37:53
  mechanism     : chem_cti_toy_model_ogog.yaml
  conditions    : 1192, 1398 K
  output        : analysis_1192_1398_20260914_203753/
==============================================================================

  experimental uncertainty (log space)  : 0.05
  prior sd of normalized parameters     : 0.5  (lambda = 4)
  prior sd of the OH trigger offset     : 2.0 us
  inconsistency threshold               : |F| > 1.0

==============================================================================
  [1]  SETUP AND VALIDATION
==============================================================================

  --- surrogate files -----------------------------------------------------
      1192 K / 1.95 atm    result_1192k_train_final3.pt   4 OH + 3 H2O targets, hidden 32, best val loss 3.333e-02
      1398 K / 1.91 atm    result_1398k_train_final3.pt   4 OH + 3 H2O targets, hidden 32, best val loss 3.805e-02
      shared parameters: ['lnA_R1', 'Ea_R1', 'lnA_R2', 'Ea_R2', 'lnA_R5', 'Ea_R5', 'lnA_R4', 'Ea_R4']
      LN_F = 2.302585, SIGMA_E = 5000 cal/mol

  --- mechanism content ---------------------------------------------------
      R1: H2O2 (+M) <=> 2 OH (+M)          1 branch(es) at [21]   falloff, low pressure limit is the active parameter
      R2: H2O2 + OH <=> H2O + HO2          2 branch(es) at [25, 26]
      R5: 2 OH <=> H2O + O                 1 branch(es) at [4]
      R4: HO2 + OH <=> H2O + O2            1 branch(es) at [18]
      at 1192 K: k(R1) = 2.415e+05, k(R2) = 5.013e+09, k(R5) = 2.1e+09, k(R4) = 3.565e+10
      at 1398 K: k(R1) = 3.473e+06, k(R2) = 7.059e+09, k(R5) = 2.739e+09, k(R4) = 3.456e+10

  --- perturbation is an exact multiplicative factor on k(T) --------------
      A common A factor and a common Ea shift on every duplicate branch
      must give  k'(T)/k(T) = exp(x_A*LN_F - x_Ea*SIGMA_E/RT) exactly.
      R1 @1192 K (low-P limit)  k'/k = 11.65969055  expected 11.65969055  dev 3.0e-15  ok
      R1 @1398 K (low-P limit)  k'/k = 10.29566632  expected 10.29566632  dev 8.9e-16  ok
      R2 @1192 K                k'/k = 11.65969055  expected 11.65969055  dev 0.0e+00  ok
      R2 @1398 K                k'/k = 10.29566632  expected 10.29566632  dev 3.3e-16  ok
      R5 @1192 K                k'/k = 11.65969055  expected 11.65969055  dev 6.7e-16  ok
      R5 @1398 K                k'/k = 10.29566632  expected 10.29566632  dev 1.1e-15  ok
      R4 @1192 K                k'/k = 11.65969055  expected 11.65969055  dev 0.0e+00  ok
      R4 @1398 K                k'/k = 10.29566632  expected 10.29566632  dev 0.0e+00  ok
      all reactions pass

  --- surrogate against the full model ------------------------------------
      At x = 0 both must agree. A probe with one parameter displaced
      catches a training / optimization mismatch that x = 0 hides,
      for example a duplicate pair perturbed on one branch only.
      1192 K / 1.95 atm
        x = 0            largest  0.87%   0.46 0.23 0.87 0.49 0.02 0.08 0.40
        lnA_R1 = +0.3    largest  2.79%   0.12 0.97 0.35 2.79 0.13 0.13 0.08
        lnA_R2 = +0.3    largest  1.13%   0.45 0.58 0.03 1.13 0.22 0.00 0.69
        lnA_R5 = +0.3    largest  4.32%   0.12 0.05 0.94 4.32 0.29 0.11 0.63
        lnA_R4 = +0.3    largest  2.56%   0.38 0.94 0.33 2.56 0.07 0.14 0.11
      1398 K / 1.91 atm
        x = 0            largest  0.92%   0.75 0.92 0.24 0.36 0.39 0.39 0.04
        lnA_R1 = +0.3    largest  1.26%   0.50 0.89 0.23 1.26 1.01 1.16 0.03
        lnA_R2 = +0.3    largest  8.71%   0.56 0.44 8.71 6.53 0.05 0.05 0.06
        lnA_R5 = +0.3    largest  2.85%   0.25 0.37 2.43 2.85 0.05 0.08 0.07
        lnA_R4 = +0.3    largest  3.04%   0.94 1.23 3.04 2.85 0.04 0.32 0.02
      consistent at every probe (largest 8.71%)

==============================================================================
  [2]  OPTIMIZATION
==============================================================================

  14 data points, 8 rate parameters + 2 trigger offsets = 10 unknowns
      multi-start: 16 runs, best 2*cost = 7.33416, 1/16 within 1%
      note: restarts disagree; compare the x* they reach before trusting one of them
      objective value (Zhang Eq. 8) = 7.334158

  --- optimized rate parameters -------------------------------------------
      parameter        x*  posterior sd  sd/prior   physical value
      lnA_R1      -0.1264        0.2095      0.42   A factor x 0.7474
      Ea_R1       -0.1609        0.2494      0.50   Ea -804 cal/mol
      lnA_R2      +0.1262        0.2488      0.50   A factor x 1.3372
      Ea_R2       +0.0538        0.2799      0.56   Ea +269 cal/mol
      lnA_R5      -0.1926        0.3084      0.62   A factor x 0.6419
      Ea_R5       -0.1362        0.3946      0.79   Ea -681 cal/mol
      lnA_R4      -0.3311        0.3351      0.67   A factor x 0.4665
      Ea_R4       +0.2778        0.3812      0.76   Ea +1389 cal/mol

  --- OH trigger offset ---------------------------------------------------
      1192 K / 1.95 atm    tau = +0.891 us   leverage 0.165 (threshold 0.146)
      1398 K / 1.91 atm    tau = -1.309 us   leverage 0.492 (threshold 0.146)

  --- Zhang freezing test on the rate parameters --------------------------
      criterion: |x| < 0.0212 AND posterior sd > 0.480  (did not move and did not tighten)
      flagged for freezing: none

  --- posterior structure -------------------------------------------------
      sd along the eigen-directions (prior = 0.5):
      0.4999  0.4995  0.4512  0.2058  0.0891  0.0350  0.0179  0.0068
      directions still at the prior level: 2 of 8   (these are not determined by the data)
      condition number of the posterior covariance: 5431
        sd = 0.4999   largest component: Ea_R4    vector = [ 0.01  0.01  0.14  0.15  0.16  0.21 -0.64 -0.7 ]
        sd = 0.4995   largest component: Ea_R5    vector = [-0.    0.   -0.04 -0.05  0.59  0.76  0.16  0.19]
        sd = 0.4512   largest component: Ea_R2    vector = [-0.4  -0.48 -0.5  -0.56  0.01 -0.01 -0.01 -0.22]
      correlation between ln A and Ea:
        R1   +0.990   (still on the A / Ea line: only the combination is determined)
        R2   +0.997   (still on the A / Ea line: only the combination is determined)
        R5   +0.988   (still on the A / Ea line: only the combination is determined)
        R4   +0.903   (still on the A / Ea line: only the combination is determined)

  --- overall goodness of fit ---------------------------------------------
      sum of squared data residuals = 5.495 over 14 data points
      effective degrees of freedom between 4 (prior weak) and 14 (prior strong)
      chi-square 95% critical value: 9.49 .. 23.68
      verdict: consistent

  --- rate constants relative to nominal, at the experimental temperatures 
      reaction   T [K]   k/k_nom         2 sigma range
      R1        1192     1.050        0.885 .. 1.244
      R1        1398     0.998        0.859 .. 1.160
      R2        1192     1.194        1.079 .. 1.320
      R2        1398     1.214        1.031 .. 1.429
      R5        1192     0.856        0.610 .. 1.200
      R5        1398     0.820        0.661 .. 1.017
      R4        1192     0.260        0.129 .. 0.521
      R4        1398     0.283        0.146 .. 0.549

  --- pivot temperature (where this fit is most certain) ------------------
      Away from the pivot the A factor and Ea trade off and the band widens.
      Quote k at the pivot, not at the edges of an extrapolated range.
      R1     pivot =   1314 K   k/k_nom = 1.017 +/- 0.070 (1 sd of ln k)   [at 2500 K the sd is 0.237]
      R2     pivot =   1233 K   k/k_nom = 1.198 +/- 0.046 (1 sd of ln k)   [at 2500 K the sd is 0.293]
      R5     pivot =   1414 K   k/k_nom = 0.818 +/- 0.107 (1 sd of ln k)   [at 2500 K the sd is 0.323]
      R4     pivot =   1376 K   k/k_nom = 0.281 +/- 0.331 (1 sd of ln k)   [at 2500 K the sd is 0.456]

==============================================================================
  [3]  CONSISTENCY TEST  (Zhang Eq. 13)
==============================================================================

  F = (observed - predicted) / (2 x experimental uncertainty).
  |F| > 1 means that data point cannot be reconciled with the model.
  The Cantera column is the one to judge on: it uses the full model
  rather than the surrogate, so it is not affected by surrogate error.

  --- 1192 K / 1.95 atm   tau = +0.891 us ---------------------------------
      target            F (surrogate)   F (Cantera)  difference  obs/pred   status
      OH  0.0180 ms            +0.595        +0.602      +0.007     1.062   ok
      OH  0.0263 ms            +0.265        +0.296      +0.031     1.030   ok
      OH  0.4252 ms            -0.626        -0.965      -0.338     0.908   ok
      OH  0.6532 ms            -0.007        -0.791      -0.784     0.924   ok
      H2O 0.0051 ms            +0.078        +0.078      -0.000     1.008   ok
      H2O 0.0928 ms            -0.151        -0.126      +0.025     0.987   ok
      H2O 0.3709 ms            +0.046        +0.110      +0.064     1.011   ok
      largest |F| = 0.965   all data points consistent
      largest surrogate contribution to |F| = 0.784 (8.2% error in the predicted value)
      warning: the surrogate accounts for a noticeable part of the F value; judge consistency on the Cantera column only

  --- 1398 K / 1.91 atm   tau = -1.309 us ---------------------------------
      target            F (surrogate)   F (Cantera)  difference  obs/pred   status
      OH  0.0071 ms            -0.108        -0.119      -0.011     0.988   ok
      OH  0.0126 ms            -0.306        -0.445      -0.139     0.957   ok
      OH  0.0800 ms            +0.152        -0.342      -0.494     0.966   ok
      OH  0.1000 ms            -0.037        -0.455      -0.418     0.956   ok
      H2O 0.0079 ms            -0.627        -0.574      +0.053     0.944   ok
      H2O 0.0130 ms            -0.066        +0.008      +0.074     1.001   ok
      H2O 0.0526 ms            +0.014        +0.055      +0.042     1.006   ok
      largest |F| = 0.574   all data points consistent
      largest surrogate contribution to |F| = 0.494 (5.1% error in the predicted value)
      warning: the surrogate accounts for a noticeable part of the F value; judge consistency on the Cantera column only

==============================================================================
  [4]  CONFIRMATION WITHOUT THE SURROGATE
==============================================================================

  The Cantera column of the consistency test checks the prediction at
  a given x. It does not check x itself, because x came out of the
  surrogate. Repeating the fit with Cantera in place of the network is
  the only check on the optimized parameters. Starting from the
  surrogate optimum, so this converges in a few iterations.

  --- optimized parameters with and without the surrogate -----------------
      parameter    surrogate     Cantera   difference    in sd   physical difference
      lnA_R1         -0.1264     -0.3732      -0.2468     1.18   A factor x 0.5665
      Ea_R1          -0.1609     -0.4589      -0.2980     1.19   -1490 cal/mol
      lnA_R2         +0.1262     +0.0036      -0.1226     0.49   A factor x 0.7541
      Ea_R2          +0.0538     -0.0638      -0.1175     0.42   -588 cal/mol
      lnA_R5         -0.1926     -0.1166      +0.0759     0.25   A factor x 1.1911
      Ea_R5          -0.1362     -0.0769      +0.0593     0.15   +297 cal/mol
      lnA_R4         -0.3311     -0.2340      +0.0971     0.29   A factor x 1.2507
      Ea_R4          +0.2778     +0.1660      -0.1117     0.29   -559 cal/mol
      largest difference is 1.19 posterior standard deviations
      *** the surrogate is shifting the optimum; improve it before
      *** reporting these parameters

==============================================================================
  [5]  SIGNIFICANCE OF EACH REACTION
==============================================================================

  Each reaction is fixed at its nominal value and the fit repeated.
  The rise in the sum of squared data residuals is compared against the
  chi-square distribution with 2 degrees of freedom (one A factor and
  one activation energy). Critical values: 5.99 at 95%, 9.21 at 99%.
  A reaction that does not raise the residual is not determined by the
  data and should be frozen (Zhang Eqs. 15-16).

      frozen      residual sum      rise    p value   verdict
      none               5.495                        reference
      R1                 7.679     2.184     0.3355   NOT significant, freeze it
      R2                 8.041     2.546     0.2800   NOT significant, freeze it
      R5                 6.238     0.743     0.6896   NOT significant, freeze it
      R4                13.257     7.762     0.0206   significant

      Recommendation: freeze R1, R2, R5 and re-run. This
      removes parameters the data does not determine and tightens
      the uncertainty on the remaining ones.

==============================================================================
  [6]  PREDICTIVE TEST  (leave one condition out)
==============================================================================

  Each condition is removed from the fit in turn and then predicted.
  This is the only test of predictive capability: the consistency test
  above uses every condition in the fit, so it can only show internal
  agreement. A prediction that fails while the joint fit passes means
  the conditions are being reconciled by parameters rather than agreeing.

  --- fit on 1398 K, predict 1192 K ---------------------------------------
      x* = [-0.0372  0.0251 -0.0409  0.0374 -0.0102  0.0108 -0.0082  0.0106]

  --- 1192 K / 1.95 atm   [HELD OUT: this is a prediction]   tau = +1.798 us 
      target            F (surrogate)   F (Cantera)  difference  obs/pred   status
      OH  0.0180 ms            +0.949        +0.898      -0.051     1.094   ok
      OH  0.0263 ms            +0.962        +0.984      +0.022     1.103   ok
      OH  0.4252 ms            -1.276        -1.152      +0.123     0.891   INCONSISTENT
      OH  0.6532 ms            -2.149        -2.019      +0.131     0.817   INCONSISTENT
      H2O 0.0051 ms            +0.166        +0.172      +0.006     1.017   ok
      H2O 0.0928 ms            +0.306        +0.310      +0.004     1.032   ok
      H2O 0.3709 ms            +0.186        +0.218      +0.032     1.022   ok
      largest |F| = 2.019   AT LEAST ONE DATA POINT CANNOT BE RECONCILED
      largest surrogate contribution to |F| = 0.131 (1.3% error in the predicted value)

  --- 1398 K / 1.91 atm   tau = +0.148 us ---------------------------------
      target            F (surrogate)   F (Cantera)  difference  obs/pred   status
      OH  0.0071 ms            +0.178        +0.165      -0.013     1.017   ok
      OH  0.0126 ms            -0.163        -0.215      -0.051     0.979   ok
      OH  0.0800 ms            +0.073        +0.010      -0.063     1.001   ok
      OH  0.1000 ms            -0.088        -0.122      -0.034     0.988   ok
      H2O 0.0079 ms            -0.212        -0.242      -0.030     0.976   ok
      H2O 0.0130 ms            +0.205        +0.195      -0.010     1.020   ok
      H2O 0.0526 ms            +0.065        +0.077      +0.011     1.008   ok
      largest |F| = 0.242   all data points consistent
      largest surrogate contribution to |F| = 0.063 (0.6% error in the predicted value)
      prediction for 1192 K: largest |F| = 2.019   FAILS

  --- fit on 1192 K, predict 1398 K ---------------------------------------
      x* = [ 0.0095 -0.0115 -0.0038  0.0043  0.1215 -0.1215 -0.1188  0.1182]

  --- 1192 K / 1.95 atm   tau = +0.294 us ---------------------------------
      target            F (surrogate)   F (Cantera)  difference  obs/pred   status
      OH  0.0180 ms            -0.009        +0.068      +0.076     1.007   ok
      OH  0.0263 ms            +0.186        +0.125      -0.061     1.013   ok
      OH  0.4252 ms            -0.317        -0.535      -0.218     0.948   ok
      OH  0.6532 ms            +0.145        -0.243      -0.389     0.976   ok
      H2O 0.0051 ms            +0.130        +0.109      -0.021     1.011   ok
      H2O 0.0928 ms            -0.189        -0.192      -0.002     0.981   ok
      H2O 0.3709 ms            -0.002        +0.059      +0.061     1.006   ok
      largest |F| = 0.535   all data points consistent
      largest surrogate contribution to |F| = 0.389 (4.0% error in the predicted value)
      warning: the surrogate accounts for a noticeable part of the F value; judge consistency on the Cantera column only

  --- 1398 K / 1.91 atm   [HELD OUT: this is a prediction]   tau = +0.917 us 
      target            F (surrogate)   F (Cantera)  difference  obs/pred   status
      OH  0.0071 ms            -0.462        -0.475      -0.013     0.954   ok
      OH  0.0126 ms            -0.731        -0.648      +0.083     0.937   ok
      OH  0.0800 ms            +2.210        +2.336      +0.125     1.263   INCONSISTENT
      OH  0.1000 ms            +1.686        +1.834      +0.148     1.201   INCONSISTENT
      H2O 0.0079 ms            -0.779        -0.775      +0.004     0.925   ok
      H2O 0.0130 ms            -0.270        -0.278      -0.008     0.973   ok
      H2O 0.0526 ms            +0.005        -0.012      -0.017     0.999   ok
      largest |F| = 2.336   AT LEAST ONE DATA POINT CANNOT BE RECONCILED
      largest surrogate contribution to |F| = 0.148 (1.5% error in the predicted value)
      prediction for 1398 K: largest |F| = 2.336   FAILS

==============================================================================
  [7]  FIGURES
==============================================================================
      saved analysis_1192_1398_20260914_203753/profiles.png

==============================================================================
  [8]  SUMMARY
==============================================================================

  conditions fitted            : 1192, 1398 K
  free rate parameters         : 8 of 8
  objective value              : 7.3342
  sum of squared data residuals: 5.495 over 14 points
  largest |F| (Cantera)        : 0.965   all data points consistent
  surrogate shift in optimum   : 1.19 sd
  directions still at prior    : 2 of 8
  R1 significance              : p = 0.3355  not significant
  R2 significance              : p = 0.2800  not significant
  R5 significance              : p = 0.6896  not significant
  R4 significance              : p = 0.0206  significant
  prediction of 1192 K          : largest |F| = 2.019  FAILS
  prediction of 1398 K          : largest |F| = 2.336  FAILS

  elapsed: 5.4 s
  written: analysis_1192_1398_20260914_203753/analysis.log
           analysis_1192_1398_20260914_203753/result.json
           analysis_1192_1398_20260914_203753/profiles.png
